// Jest Snapshot v1, https://goo.gl/fbAQLP

exports[`AddAllowanceModal should match snapshot 1`] = `
{
  "asFragment": [Function],
  "baseElement": <body
    class="pgn__hidden-scroll-padding-right"
    data-scroll-locked="1"
  >
    <div
      aria-hidden="true"
      data-focus-on-hidden="true"
    />
    <div
      id="paragon-portal-root"
    >
      <div
        aria-hidden="true"
        data-focus-guard="true"
        data-focus-on-hidden="true"
        style="width: 1px; height: 0px; padding: 0px; overflow: hidden; position: fixed; top: 1px; left: 1px;"
        tabindex="0"
      />
      <div
        class="pgn__modal-layer"
        data-focus-lock-disabled="false"
      >
        <div
          class="pgn__modal-content-container"
        >
          <div
            class="pgn__modal-backdrop"
            data-testid="modal-backdrop"
          />
          <div
            aria-label="Add a new allowance"
            class="pgn__modal pgn__modal-md pgn__modal-default pgn__modal-visible-overflow"
            role="dialog"
          >
            <div
              class="pgn__modal-close-container"
            >
              <button
                aria-label="Close"
                class="btn-icon btn-icon-primary btn-icon-md pgn__modal-close-button"
                type="button"
              >
                <span
                  class="btn-icon__icon-container"
                >
                  <span
                    class="pgn__icon btn-icon__icon"
                  >
                    <svg
                      aria-hidden="true"
                      fill="none"
                      focusable="false"
                      height="24"
                      role="img"
                      viewBox="0 0 24 24"
                      width="24"
                      xmlns="http://www.w3.org/2000/svg"
                    >
                      <path
                        d="M19 6.41 17.59 5 12 10.59 6.41 5 5 6.41 10.59 12 5 17.59 6.41 19 12 13.41 17.59 19 19 17.59 13.41 12 19 6.41Z"
                        fill="currentColor"
                      />
                    </svg>
                  </span>
                </span>
              </button>
            </div>
            <div
              class="pgn__modal-header"
            >
              <h2
                class="pgn__modal-title"
              >
                Add a new allowance
              </h2>
            </div>
            <div
              class="pgn__modal-body pgn__modal-body-scroll-top pgn__modal-body-scroll-bottom"
            >
              <div />
              <div
                class="pgn__modal-body-content"
              >
                <div
                  class="fade alert-content alert alert-danger show"
                  role="alert"
                >
                  <span
                    class="pgn__icon alert-icon"
                  >
                    <svg
                      aria-hidden="true"
                      fill="none"
                      focusable="false"
                      height="24"
                      role="img"
                      viewBox="0 0 24 24"
                      width="24"
                      xmlns="http://www.w3.org/2000/svg"
                    >
                      <path
                        d="M12 2C6.48 2 2 6.48 2 12s4.48 10 10 10 10-4.48 10-10S17.52 2 12 2Zm1 15h-2v-6h2v6Zm0-8h-2V7h2v2Z"
                        fill="currentColor"
                      />
                    </svg>
                  </span>
                  <div
                    class="pgn__alert-message-wrapper"
                  >
                    <div
                      class="alert-message-content"
                    >
                      <div
                        class="alert-heading h4"
                      >
                        We couldn't apply your changes
                      </div>
                      <p />
                    </div>
                  </div>
                </div>
                <form
                  class=""
                  id="add-allowance-form"
                >
                  <div
                    class="pgn__form-group"
                  >
                    <label
                      class="pgn__form-label"
                      for="form-field1"
                    >
                      Learners
                    </label>
                    <div
                      class="pgn__form-control-decorator-group"
                    >
                      <input
                        aria-describedby="form-field1-6"
                        class="form-control"
                        data-testid="users"
                        id="form-field1"
                        name="users"
                        value=""
                      />
                    </div>
                    <div
                      class="pgn__form-control-description pgn__form-text pgn__form-text-default"
                      id="form-field1-6"
                    >
                      <div>
                        Enter usernames or emails separated by commas
                      </div>
                    </div>
                  </div>
                  <div
                    class="pgn__form-group"
                  >
                    <label
                      class="pgn__form-label"
                      for="form-exam-type"
                    >
                      Exam type
                    </label>
                    <div
                      class="pgn__form-control-decorator-group"
                    >
                      <select
                        class="has-value form-control"
                        data-testid="exam-type"
                        id="form-exam-type"
                        name="exam-type"
                      >
                        <option
                          value="proctored"
                        >
                          Proctored exam
                        </option>
                        <option
                          value="timed"
                        >
                          Timed exam
                        </option>
                      </select>
                    </div>
                  </div>
                  <div
                    class="pgn__form-group"
                  >
                    <p
                      class="pgn__form-label"
                      id="form-field2-8"
                    >
                      Exams
                    </p>
                    <div
                      aria-labelledby="form-field2-8"
                      class="pgn__form-control-set"
                      id="form-field2"
                      role="group"
                    >
                      <div
                        class="pgn__form-checkbox"
                      >
                        <input
                          class="pgn__form-checkbox-input"
                          data-key="1"
                          id="form-field3"
                          name="exams"
                          type="checkbox"
                          value="60"
                        />
                        <div>
                          <label
                            class="pgn__form-label"
                            for="form-field3"
                          >
                            exam1
                          </label>
                        </div>
                      </div>
                      <div
                        class="pgn__form-checkbox"
                      >
                        <input
                          class="pgn__form-checkbox-input"
                          data-key="3"
                          id="form-field4"
                          name="exams"
                          type="checkbox"
                          value="45"
                        />
                        <div>
                          <label
                            class="pgn__form-label"
                            for="form-field4"
                          >
                            exam3
                          </label>
                        </div>
                      </div>
                    </div>
                  </div>
                  <div
                    class="pgn__form-group"
                  >
                    <label
                      class="pgn__form-label"
                      for="form-allowance-type"
                    >
                      Allowance type
                    </label>
                    <div
                      class="pgn__form-control-decorator-group"
                    >
                      <select
                        class="has-value form-control"
                        data-testid="allowance-type"
                        id="form-allowance-type"
                        name="allowance-type"
                      >
                        <option
                          value="additional-minutes"
                        >
                          Additional time (minutes)
                        </option>
                        <option
                          value="time-multiplier"
                        >
                          Time multiplier
                        </option>
                      </select>
                    </div>
                  </div>
                  <div
                    class="pgn__form-group"
                  >
                    <label
                      class="pgn__form-label"
                      for="form-allowance-value-minutes"
                    >
                      Minutes
                    </label>
                    <div
                      class="pgn__form-control-decorator-group"
                    >
                      <input
                        class="form-control"
                        data-testid="additional-time-minutes"
                        id="form-allowance-value-minutes"
                        name="additional-time-minutes"
                        value=""
                      />
                    </div>
                  </div>
                </form>
              </div>
              <div />
            </div>
            <div
              class="pgn__modal-footer"
            >
              <div
                class="pgn__action-row"
              >
                <button
                  class="pgn__modal-close-button btn btn-tertiary"
                  type="button"
                >
                  Cancel
                </button>
                <button
                  aria-disabled="false"
                  aria-live="assertive"
                  class="pgn__stateful-btn pgn__stateful-btn-state-default btn btn-primary"
                  data-testid="create-allowance-stateful-button"
                  form="add-allowance-form"
                  type="submit"
                >
                  <span
                    class="d-flex align-items-center justify-content-center"
                  >
                    <span>
                      Add allowance
                    </span>
                  </span>
                </button>
              </div>
            </div>
          </div>
        </div>
      </div>
      <div
        aria-hidden="true"
        data-focus-guard="true"
        data-focus-on-hidden="true"
        style="width: 1px; height: 0px; padding: 0px; overflow: hidden; position: fixed; top: 1px; left: 1px;"
        tabindex="0"
      />
    </div>
  </body>,
  "container": <div
    aria-hidden="true"
    data-focus-on-hidden="true"
  />,
  "debug": [Function],
  "findAllByAltText": [Function],
  "findAllByDisplayValue": [Function],
  "findAllByLabelText": [Function],
  "findAllByPlaceholderText": [Function],
  "findAllByRole": [Function],
  "findAllByTestId": [Function],
  "findAllByText": [Function],
  "findAllByTitle": [Function],
  "findByAltText": [Function],
  "findByDisplayValue": [Function],
  "findByLabelText": [Function],
  "findByPlaceholderText": [Function],
  "findByRole": [Function],
  "findByTestId": [Function],
  "findByText": [Function],
  "findByTitle": [Function],
  "getAllByAltText": [Function],
  "getAllByDisplayValue": [Function],
  "getAllByLabelText": [Function],
  "getAllByPlaceholderText": [Function],
  "getAllByRole": [Function],
  "getAllByTestId": [Function],
  "getAllByText": [Function],
  "getAllByTitle": [Function],
  "getByAltText": [Function],
  "getByDisplayValue": [Function],
  "getByLabelText": [Function],
  "getByPlaceholderText": [Function],
  "getByRole": [Function],
  "getByTestId": [Function],
  "getByText": [Function],
  "getByTitle": [Function],
  "queryAllByAltText": [Function],
  "queryAllByDisplayValue": [Function],
  "queryAllByLabelText": [Function],
  "queryAllByPlaceholderText": [Function],
  "queryAllByRole": [Function],
  "queryAllByTestId": [Function],
  "queryAllByText": [Function],
  "queryAllByTitle": [Function],
  "queryByAltText": [Function],
  "queryByDisplayValue": [Function],
  "queryByLabelText": [Function],
  "queryByPlaceholderText": [Function],
  "queryByRole": [Function],
  "queryByTestId": [Function],
  "queryByText": [Function],
  "queryByTitle": [Function],
  "rerender": [Function],
  "unmount": [Function],
}
`;
